%!Adobe-FontList 1.23
%Locale:0x409

%BeginFont
Handler:DirectoryHandler
FontType:Invalid
OutlineFileName:D:\Downloads\Font\Gilroy-Black.eot
FileModTime:1547763123
%EndFont

%BeginFont
Handler:DirectoryHandler
FontType:TrueType
FontName:Gilroy-Black
FamilyName:Gilroy
StyleName:Black
FullName:Gilroy-Black
MenuName:Gilroy
StyleBits:0
WritingScript:Roman
OutlineFileName:D:\Downloads\Font\Gilroy-Black.ttf
DataFormat:sfntData
hasSVG:no
VariableFontType:NonVariableFont
FileLength:82952
FileModTime:1547763123
WeightClass:900
WidthClass:5
AngleClass:0
NameArray:0,Mac,18,Gilroy Black
NameArray:0,Mac,4,Gilroy-Black
NameArray:0,Win,1,Gilroy
%EndFont

%BeginFont
Handler:DirectoryHandler
FontType:Invalid
OutlineFileName:D:\Downloads\Font\Gilroy-Black.woff
FileModTime:1547763123
%EndFont

%BeginFont
Handler:DirectoryHandler
FontType:Invalid
OutlineFileName:D:\Downloads\Font\Gilroy-Black.woff2
FileModTime:1547763123
%EndFont

%BeginFont
Handler:DirectoryHandler
FontType:Invalid
OutlineFileName:D:\Downloads\Font\Gilroy-BlackItalic.eot
FileModTime:1547763125
%EndFont

%BeginFont
Handler:DirectoryHandler
FontType:TrueType
FontName:Gilroy-BlackItalic
FamilyName:Gilroy
StyleName:Black Italic
FullName:Gilroy-BlackItalic
MenuName:Gilroy
StyleBits:1
WritingScript:Roman
OutlineFileName:D:\Downloads\Font\Gilroy-BlackItalic.ttf
DataFormat:sfntData
hasSVG:no
VariableFontType:NonVariableFont
FileLength:86668
FileModTime:1547763125
WeightClass:900
WidthClass:5
AngleClass:1
NameArray:0,Mac,18,Gilroy Black Italic
NameArray:0,Mac,4,Gilroy-BlackItalic
NameArray:0,Win,1,Gilroy
%EndFont

%BeginFont
Handler:DirectoryHandler
FontType:Invalid
OutlineFileName:D:\Downloads\Font\Gilroy-BlackItalic.woff
FileModTime:1547763126
%EndFont

%BeginFont
Handler:DirectoryHandler
FontType:Invalid
OutlineFileName:D:\Downloads\Font\Gilroy-BlackItalic.woff2
FileModTime:1547763126
%EndFont

%BeginFont
Handler:DirectoryHandler
FontType:Invalid
OutlineFileName:D:\Downloads\Font\Gilroy-Bold.eot
FileModTime:1547763123
%EndFont

%BeginFont
Handler:DirectoryHandler
FontType:TrueType
FontName:Gilroy-Bold
FamilyName:Gilroy
StyleName:Bold
FullName:Gilroy-Bold
MenuName:Gilroy
StyleBits:2
WritingScript:Roman
OutlineFileName:D:\Downloads\Font\Gilroy-Bold.ttf
DataFormat:sfntData
hasSVG:no
VariableFontType:NonVariableFont
FileLength:83456
FileModTime:1547763123
WeightClass:700
WidthClass:5
AngleClass:0
NameArray:0,Mac,18,Gilroy Bold
NameArray:0,Mac,4,Gilroy-Bold
NameArray:0,Win,1,Gilroy
%EndFont

%BeginFont
Handler:DirectoryHandler
FontType:Invalid
OutlineFileName:D:\Downloads\Font\Gilroy-Bold.woff
FileModTime:1547763123
%EndFont

%BeginFont
Handler:DirectoryHandler
FontType:Invalid
OutlineFileName:D:\Downloads\Font\Gilroy-Bold.woff2
FileModTime:1547763123
%EndFont

%BeginFont
Handler:DirectoryHandler
FontType:Invalid
OutlineFileName:D:\Downloads\Font\Gilroy-BoldItalic.eot
FileModTime:1547763128
%EndFont

%BeginFont
Handler:DirectoryHandler
FontType:TrueType
FontName:Gilroy-BoldItalic
FamilyName:Gilroy
StyleName:Bold Italic
FullName:Gilroy-BoldItalic
MenuName:Gilroy
StyleBits:3
WritingScript:Roman
OutlineFileName:D:\Downloads\Font\Gilroy-BoldItalic.ttf
DataFormat:sfntData
hasSVG:no
VariableFontType:NonVariableFont
FileLength:87280
FileModTime:1547763128
WeightClass:700
WidthClass:5
AngleClass:1
NameArray:0,Mac,18,Gilroy Bold Italic
NameArray:0,Mac,4,Gilroy-BoldItalic
NameArray:0,Win,1,Gilroy
%EndFont

%BeginFont
Handler:DirectoryHandler
FontType:Invalid
OutlineFileName:D:\Downloads\Font\Gilroy-BoldItalic.woff
FileModTime:1547763128
%EndFont

%BeginFont
Handler:DirectoryHandler
FontType:Invalid
OutlineFileName:D:\Downloads\Font\Gilroy-BoldItalic.woff2
FileModTime:1547763129
%EndFont

%BeginFont
Handler:DirectoryHandler
FontType:Invalid
OutlineFileName:D:\Downloads\Font\Gilroy-Extrabold.eot
FileModTime:1547763128
%EndFont

%BeginFont
Handler:DirectoryHandler
FontType:TrueType
FontName:Gilroy-Extrabold
FamilyName:Gilroy
StyleName:Extrabold
FullName:Gilroy-Extrabold
MenuName:Gilroy
StyleBits:0
WritingScript:Roman
OutlineFileName:D:\Downloads\Font\Gilroy-Extrabold.ttf
DataFormat:sfntData
hasSVG:no
VariableFontType:NonVariableFont
FileLength:82260
FileModTime:1547763128
WeightClass:800
WidthClass:5
AngleClass:0
NameArray:0,Mac,18,Gilroy Extrabold
NameArray:0,Mac,4,Gilroy-Extrabold
NameArray:0,Win,1,Gilroy
%EndFont

%BeginFont
Handler:DirectoryHandler
FontType:Invalid
OutlineFileName:D:\Downloads\Font\Gilroy-Extrabold.woff
FileModTime:1547763128
%EndFont

%BeginFont
Handler:DirectoryHandler
FontType:Invalid
OutlineFileName:D:\Downloads\Font\Gilroy-Extrabold.woff2
FileModTime:1547763128
%EndFont

%BeginFont
Handler:DirectoryHandler
FontType:Invalid
OutlineFileName:D:\Downloads\Font\Gilroy-ExtraboldItalic.eot
FileModTime:1547763122
%EndFont

%BeginFont
Handler:DirectoryHandler
FontType:TrueType
FontName:Gilroy-ExtraboldItalic
FamilyName:Gilroy
StyleName:Extrabold Italic
FullName:Gilroy-ExtraboldItalic
MenuName:Gilroy
StyleBits:1
WritingScript:Roman
OutlineFileName:D:\Downloads\Font\Gilroy-ExtraboldItalic.ttf
DataFormat:sfntData
hasSVG:no
VariableFontType:NonVariableFont
FileLength:86028
FileModTime:1547763122
WeightClass:800
WidthClass:5
AngleClass:1
NameArray:0,Mac,18,Gilroy Extrabold Italic
NameArray:0,Mac,4,Gilroy-ExtraboldItalic
NameArray:0,Win,1,Gilroy
%EndFont

%BeginFont
Handler:DirectoryHandler
FontType:Invalid
OutlineFileName:D:\Downloads\Font\Gilroy-ExtraboldItalic.woff
FileModTime:1547763122
%EndFont

%BeginFont
Handler:DirectoryHandler
FontType:Invalid
OutlineFileName:D:\Downloads\Font\Gilroy-ExtraboldItalic.woff2
FileModTime:1547763122
%EndFont

%BeginFont
Handler:DirectoryHandler
FontType:Invalid
OutlineFileName:D:\Downloads\Font\Gilroy-Heavy.eot
FileModTime:1547763130
%EndFont

%BeginFont
Handler:DirectoryHandler
FontType:TrueType
FontName:Gilroy-Heavy
FamilyName:Gilroy
StyleName:Heavy
FullName:Gilroy-Heavy
MenuName:Gilroy
StyleBits:0
WritingScript:Roman
OutlineFileName:D:\Downloads\Font\Gilroy-Heavy.ttf
DataFormat:sfntData
hasSVG:no
VariableFontType:NonVariableFont
FileLength:82572
FileModTime:1547763130
WeightClass:1000
WidthClass:5
AngleClass:0
NameArray:0,Mac,18,Gilroy Heavy
NameArray:0,Mac,4,Gilroy-Heavy
NameArray:0,Win,1,Gilroy
%EndFont

%BeginFont
Handler:DirectoryHandler
FontType:Invalid
OutlineFileName:D:\Downloads\Font\Gilroy-Heavy.woff
FileModTime:1547763130
%EndFont

%BeginFont
Handler:DirectoryHandler
FontType:Invalid
OutlineFileName:D:\Downloads\Font\Gilroy-Heavy.woff2
FileModTime:1547763130
%EndFont

%BeginFont
Handler:DirectoryHandler
FontType:Invalid
OutlineFileName:D:\Downloads\Font\Gilroy-HeavyItalic.eot
FileModTime:1547763127
%EndFont

%BeginFont
Handler:DirectoryHandler
FontType:TrueType
FontName:Gilroy-HeavyItalic
FamilyName:Gilroy
StyleName:Heavy Italic
FullName:Gilroy-HeavyItalic
MenuName:Gilroy
StyleBits:1
WritingScript:Roman
OutlineFileName:D:\Downloads\Font\Gilroy-HeavyItalic.ttf
DataFormat:sfntData
hasSVG:no
VariableFontType:NonVariableFont
FileLength:86776
FileModTime:1547763127
WeightClass:1000
WidthClass:5
AngleClass:1
NameArray:0,Mac,18,Gilroy Heavy Italic
NameArray:0,Mac,4,Gilroy-HeavyItalic
NameArray:0,Win,1,Gilroy
%EndFont

%BeginFont
Handler:DirectoryHandler
FontType:Invalid
OutlineFileName:D:\Downloads\Font\Gilroy-HeavyItalic.woff
FileModTime:1547763127
%EndFont

%BeginFont
Handler:DirectoryHandler
FontType:Invalid
OutlineFileName:D:\Downloads\Font\Gilroy-HeavyItalic.woff2
FileModTime:1547763128
%EndFont

%BeginFont
Handler:DirectoryHandler
FontType:Invalid
OutlineFileName:D:\Downloads\Font\Gilroy-Light.eot
FileModTime:1547763124
%EndFont

%BeginFont
Handler:DirectoryHandler
FontType:TrueType
FontName:Gilroy-Light
FamilyName:Gilroy
StyleName:Light
FullName:Gilroy-Light
MenuName:Gilroy
StyleBits:0
WritingScript:Roman
OutlineFileName:D:\Downloads\Font\Gilroy-Light.ttf
DataFormat:sfntData
hasSVG:no
VariableFontType:NonVariableFont
FileLength:84728
FileModTime:1547763124
WeightClass:300
WidthClass:5
AngleClass:0
NameArray:0,Mac,18,Gilroy Light
NameArray:0,Mac,4,Gilroy-Light
NameArray:0,Win,1,Gilroy
%EndFont

%BeginFont
Handler:DirectoryHandler
FontType:Invalid
OutlineFileName:D:\Downloads\Font\Gilroy-Light.woff
FileModTime:1547763124
%EndFont

%BeginFont
Handler:DirectoryHandler
FontType:Invalid
OutlineFileName:D:\Downloads\Font\Gilroy-Light.woff2
FileModTime:1547763124
%EndFont

%BeginFont
Handler:DirectoryHandler
FontType:Invalid
OutlineFileName:D:\Downloads\Font\Gilroy-LightItalic.eot
FileModTime:1547763129
%EndFont

%BeginFont
Handler:DirectoryHandler
FontType:TrueType
FontName:Gilroy-LightItalic
FamilyName:Gilroy
StyleName:Light Italic
FullName:Gilroy-LightItalic
MenuName:Gilroy
StyleBits:1
WritingScript:Roman
OutlineFileName:D:\Downloads\Font\Gilroy-LightItalic.ttf
DataFormat:sfntData
hasSVG:no
VariableFontType:NonVariableFont
FileLength:88768
FileModTime:1547763129
WeightClass:300
WidthClass:5
AngleClass:1
NameArray:0,Mac,18,Gilroy Light Italic
NameArray:0,Mac,4,Gilroy-LightItalic
NameArray:0,Win,1,Gilroy
%EndFont

%BeginFont
Handler:DirectoryHandler
FontType:Invalid
OutlineFileName:D:\Downloads\Font\Gilroy-LightItalic.woff
FileModTime:1547763129
%EndFont

%BeginFont
Handler:DirectoryHandler
FontType:Invalid
OutlineFileName:D:\Downloads\Font\Gilroy-LightItalic.woff2
FileModTime:1547763130
%EndFont

%BeginFont
Handler:DirectoryHandler
FontType:Invalid
OutlineFileName:D:\Downloads\Font\Gilroy-Medium.eot
FileModTime:1547763125
%EndFont

%BeginFont
Handler:DirectoryHandler
FontType:TrueType
FontName:Gilroy-Medium
FamilyName:Gilroy
StyleName:Medium
FullName:Gilroy-Medium
MenuName:Gilroy
StyleBits:0
WritingScript:Roman
OutlineFileName:D:\Downloads\Font\Gilroy-Medium.ttf
DataFormat:sfntData
hasSVG:no
VariableFontType:NonVariableFont
FileLength:84564
FileModTime:1547763125
WeightClass:500
WidthClass:5
AngleClass:0
NameArray:0,Mac,18,Gilroy Medium
NameArray:0,Mac,4,Gilroy-Medium
NameArray:0,Win,1,Gilroy
%EndFont

%BeginFont
Handler:DirectoryHandler
FontType:Invalid
OutlineFileName:D:\Downloads\Font\Gilroy-Medium.woff
FileModTime:1547763125
%EndFont

%BeginFont
Handler:DirectoryHandler
FontType:Invalid
OutlineFileName:D:\Downloads\Font\Gilroy-Medium.woff2
FileModTime:1547763125
%EndFont

%BeginFont
Handler:DirectoryHandler
FontType:Invalid
OutlineFileName:D:\Downloads\Font\Gilroy-MediumItalic.eot
FileModTime:1547763125
%EndFont

%BeginFont
Handler:DirectoryHandler
FontType:TrueType
FontName:Gilroy-MediumItalic
FamilyName:Gilroy
StyleName:Medium Italic
FullName:Gilroy-MediumItalic
MenuName:Gilroy
StyleBits:1
WritingScript:Roman
OutlineFileName:D:\Downloads\Font\Gilroy-MediumItalic.ttf
DataFormat:sfntData
hasSVG:no
VariableFontType:NonVariableFont
FileLength:88764
FileModTime:1547763125
WeightClass:500
WidthClass:5
AngleClass:1
NameArray:0,Mac,18,Gilroy Medium Italic
NameArray:0,Mac,4,Gilroy-MediumItalic
NameArray:0,Win,1,Gilroy
%EndFont

%BeginFont
Handler:DirectoryHandler
FontType:Invalid
OutlineFileName:D:\Downloads\Font\Gilroy-MediumItalic.woff
FileModTime:1547763125
%EndFont

%BeginFont
Handler:DirectoryHandler
FontType:Invalid
OutlineFileName:D:\Downloads\Font\Gilroy-MediumItalic.woff2
FileModTime:1547763125
%EndFont

%BeginFont
Handler:DirectoryHandler
FontType:Invalid
OutlineFileName:D:\Downloads\Font\Gilroy-Regular.eot
FileModTime:1547763122
%EndFont

%BeginFont
Handler:DirectoryHandler
FontType:TrueType
FontName:Gilroy-Regular
FamilyName:Gilroy
StyleName:Regular
FullName:Gilroy-Regular
MenuName:Gilroy
StyleBits:0
WritingScript:Roman
OutlineFileName:D:\Downloads\Font\Gilroy-Regular.ttf
DataFormat:sfntData
hasSVG:no
VariableFontType:NonVariableFont
FileLength:84300
FileModTime:1547763122
WeightClass:400
WidthClass:5
AngleClass:0
NameArray:0,Mac,18,Gilroy Regular
NameArray:0,Mac,4,Gilroy-Regular
NameArray:0,Win,1,Gilroy
%EndFont

%BeginFont
Handler:DirectoryHandler
FontType:Invalid
OutlineFileName:D:\Downloads\Font\Gilroy-Regular.woff
FileModTime:1547763122
%EndFont

%BeginFont
Handler:DirectoryHandler
FontType:Invalid
OutlineFileName:D:\Downloads\Font\Gilroy-Regular.woff2
FileModTime:1547763122
%EndFont

%BeginFont
Handler:DirectoryHandler
FontType:Invalid
OutlineFileName:D:\Downloads\Font\Gilroy-RegularItalic.eot
FileModTime:1547763126
%EndFont

%BeginFont
Handler:DirectoryHandler
FontType:TrueType
FontName:Gilroy-RegularItalic
FamilyName:Gilroy
StyleName:Regular Italic
FullName:Gilroy-RegularItalic
MenuName:Gilroy
StyleBits:1
WritingScript:Roman
OutlineFileName:D:\Downloads\Font\Gilroy-RegularItalic.ttf
DataFormat:sfntData
hasSVG:no
VariableFontType:NonVariableFont
FileLength:88484
FileModTime:1547763126
WeightClass:400
WidthClass:5
AngleClass:1
NameArray:0,Mac,18,Gilroy Regular Italic
NameArray:0,Mac,4,Gilroy-RegularItalic
NameArray:0,Win,1,Gilroy
%EndFont

%BeginFont
Handler:DirectoryHandler
FontType:Invalid
OutlineFileName:D:\Downloads\Font\Gilroy-RegularItalic.woff
FileModTime:1547763126
%EndFont

%BeginFont
Handler:DirectoryHandler
FontType:Invalid
OutlineFileName:D:\Downloads\Font\Gilroy-RegularItalic.woff2
FileModTime:1547763127
%EndFont

%BeginFont
Handler:DirectoryHandler
FontType:Invalid
OutlineFileName:D:\Downloads\Font\Gilroy-Semibold.eot
FileModTime:1547763124
%EndFont

%BeginFont
Handler:DirectoryHandler
FontType:TrueType
FontName:Gilroy-Semibold
FamilyName:Gilroy
StyleName:Semibold
FullName:Gilroy-Semibold
MenuName:Gilroy
StyleBits:0
WritingScript:Roman
OutlineFileName:D:\Downloads\Font\Gilroy-Semibold.ttf
DataFormat:sfntData
hasSVG:no
VariableFontType:NonVariableFont
FileLength:83948
FileModTime:1547763124
WeightClass:600
WidthClass:5
AngleClass:0
NameArray:0,Mac,18,Gilroy Semibold
NameArray:0,Mac,4,Gilroy-Semibold
NameArray:0,Win,1,Gilroy
%EndFont

%BeginFont
Handler:DirectoryHandler
FontType:Invalid
OutlineFileName:D:\Downloads\Font\Gilroy-Semibold.woff
FileModTime:1547763124
%EndFont

%BeginFont
Handler:DirectoryHandler
FontType:Invalid
OutlineFileName:D:\Downloads\Font\Gilroy-Semibold.woff2
FileModTime:1547763124
%EndFont

%BeginFont
Handler:DirectoryHandler
FontType:Invalid
OutlineFileName:D:\Downloads\Font\Gilroy-SemiboldItalic.eot
FileModTime:1547763127
%EndFont

%BeginFont
Handler:DirectoryHandler
FontType:TrueType
FontName:Gilroy-SemiboldItalic
FamilyName:Gilroy
StyleName:Semibold Italic
FullName:Gilroy-SemiboldItalic
MenuName:Gilroy
StyleBits:1
WritingScript:Roman
OutlineFileName:D:\Downloads\Font\Gilroy-SemiboldItalic.ttf
DataFormat:sfntData
hasSVG:no
VariableFontType:NonVariableFont
FileLength:86016
FileModTime:1547763127
WeightClass:600
WidthClass:5
AngleClass:1
NameArray:0,Mac,18,Gilroy Semibold Italic
NameArray:0,Mac,4,Gilroy-SemiboldItalic
NameArray:0,Win,1,Gilroy
%EndFont

%BeginFont
Handler:DirectoryHandler
FontType:Invalid
OutlineFileName:D:\Downloads\Font\Gilroy-SemiboldItalic.woff
FileModTime:1547763127
%EndFont

%BeginFont
Handler:DirectoryHandler
FontType:Invalid
OutlineFileName:D:\Downloads\Font\Gilroy-SemiboldItalic.woff2
FileModTime:1547763127
%EndFont

%BeginFont
Handler:DirectoryHandler
FontType:Invalid
OutlineFileName:D:\Downloads\Font\Gilroy-Thin.eot
FileModTime:1547763130
%EndFont

%BeginFont
Handler:DirectoryHandler
FontType:TrueType
FontName:Gilroy-Thin
FamilyName:Gilroy
StyleName:Thin
FullName:Gilroy-Thin
MenuName:Gilroy
StyleBits:0
WritingScript:Roman
OutlineFileName:D:\Downloads\Font\Gilroy-Thin.ttf
DataFormat:sfntData
hasSVG:no
VariableFontType:NonVariableFont
FileLength:84636
FileModTime:1547763130
WeightClass:250
WidthClass:5
AngleClass:0
NameArray:0,Mac,18,Gilroy Thin
NameArray:0,Mac,4,Gilroy-Thin
NameArray:0,Win,1,Gilroy
%EndFont

%BeginFont
Handler:DirectoryHandler
FontType:Invalid
OutlineFileName:D:\Downloads\Font\Gilroy-Thin.woff
FileModTime:1547763130
%EndFont

%BeginFont
Handler:DirectoryHandler
FontType:Invalid
OutlineFileName:D:\Downloads\Font\Gilroy-Thin.woff2
FileModTime:1547763131
%EndFont

%BeginFont
Handler:DirectoryHandler
FontType:Invalid
OutlineFileName:D:\Downloads\Font\Gilroy-ThinItalic.eot
FileModTime:1547763131
%EndFont

%BeginFont
Handler:DirectoryHandler
FontType:TrueType
FontName:Gilroy-ThinItalic
FamilyName:Gilroy
StyleName:Thin Italic
FullName:Gilroy-ThinItalic
MenuName:Gilroy
StyleBits:1
WritingScript:Roman
OutlineFileName:D:\Downloads\Font\Gilroy-ThinItalic.ttf
DataFormat:sfntData
hasSVG:no
VariableFontType:NonVariableFont
FileLength:89068
FileModTime:1547763131
WeightClass:250
WidthClass:5
AngleClass:1
NameArray:0,Mac,18,Gilroy Thin Italic
NameArray:0,Mac,4,Gilroy-ThinItalic
NameArray:0,Win,1,Gilroy
%EndFont

%BeginFont
Handler:DirectoryHandler
FontType:Invalid
OutlineFileName:D:\Downloads\Font\Gilroy-ThinItalic.woff
FileModTime:1547763131
%EndFont

%BeginFont
Handler:DirectoryHandler
FontType:Invalid
OutlineFileName:D:\Downloads\Font\Gilroy-ThinItalic.woff2
FileModTime:1547763131
%EndFont

%BeginFont
Handler:DirectoryHandler
FontType:Invalid
OutlineFileName:D:\Downloads\Font\Gilroy-UltraLight.eot
FileModTime:1547763126
%EndFont

%BeginFont
Handler:DirectoryHandler
FontType:TrueType
FontName:Gilroy-UltraLight
FamilyName:Gilroy
StyleName:UltraLight
FullName:Gilroy-UltraLight
MenuName:Gilroy
StyleBits:0
WritingScript:Roman
OutlineFileName:D:\Downloads\Font\Gilroy-UltraLight.ttf
DataFormat:sfntData
hasSVG:no
VariableFontType:NonVariableFont
FileLength:85700
FileModTime:1547763126
WeightClass:250
WidthClass:5
AngleClass:0
NameArray:0,Mac,18,Gilroy UltraLight
NameArray:0,Mac,4,Gilroy-UltraLight
NameArray:0,Win,1,Gilroy
%EndFont

%BeginFont
Handler:DirectoryHandler
FontType:Invalid
OutlineFileName:D:\Downloads\Font\Gilroy-UltraLight.woff
FileModTime:1547763126
%EndFont

%BeginFont
Handler:DirectoryHandler
FontType:Invalid
OutlineFileName:D:\Downloads\Font\Gilroy-UltraLight.woff2
FileModTime:1547763126
%EndFont

%BeginFont
Handler:DirectoryHandler
FontType:Invalid
OutlineFileName:D:\Downloads\Font\Gilroy-UltraLightItalic.eot
FileModTime:1547763129
%EndFont

%BeginFont
Handler:DirectoryHandler
FontType:TrueType
FontName:Gilroy-UltraLightItalic
FamilyName:Gilroy
StyleName:UltraLight Italic
FullName:Gilroy-UltraLightItalic
MenuName:Gilroy
StyleBits:1
WritingScript:Roman
OutlineFileName:D:\Downloads\Font\Gilroy-UltraLightItalic.ttf
DataFormat:sfntData
hasSVG:no
VariableFontType:NonVariableFont
FileLength:89508
FileModTime:1547763129
WeightClass:265
WidthClass:5
AngleClass:1
NameArray:0,Mac,18,Gilroy UltraLight Italic
NameArray:0,Mac,4,Gilroy-UltraLightItalic
NameArray:0,Win,1,Gilroy
%EndFont

%BeginFont
Handler:DirectoryHandler
FontType:Invalid
OutlineFileName:D:\Downloads\Font\Gilroy-UltraLightItalic.woff
FileModTime:1547763129
%EndFont

%BeginFont
Handler:DirectoryHandler
FontType:Invalid
OutlineFileName:D:\Downloads\Font\Gilroy-UltraLightItalic.woff2
FileModTime:1547763129
%EndFont

%BeginFont
Handler:DirectoryHandler
FontType:Invalid
OutlineFileName:D:\Downloads\Font\demo.html
FileModTime:1547763131
%EndFont

%BeginFont
Handler:DirectoryHandler
FontType:Invalid
OutlineFileName:D:\Downloads\Font\stylesheet.css
FileModTime:1547763131
%EndFont

